2026-04-29 03:10:57.523 | Session_1777396251127 | S1_UNINITIALIZED
2026-04-29 03:10:57.615 | Session_1777396251127 | S3_CALCULATING
2026-04-29 03:10:57.621 | Session_1777396251127 | S2_IDLE_WAITING
2026-04-29 03:10:58.531 | Session_1777396251127 | S3_CALCULATING
2026-04-29 03:10:58.588 | Session_1777396251127 | S4_MOVE_READY
2026-04-29 03:10:59.836 | Session_1777396251127 | S3_CALCULATING
2026-04-29 03:10:59.844 | Session_1777396251127 | S4_MOVE_READY
2026-04-29 03:11:00.675 | Session_1777396251127 | S3_CALCULATING
2026-04-29 03:11:00.684 | Session_1777396251127 | S4_MOVE_READY
2026-04-29 03:11:01.442 | Session_1777396251127 | S3_CALCULATING
2026-04-29 03:11:01.451 | Session_1777396251127 | S4_MOVE_READY
2026-04-29 03:11:02.279 | Session_1777396251127 | S3_CALCULATING
2026-04-29 03:11:02.290 | Session_1777396251127 | S4_MOVE_READY
2026-04-29 03:11:03.702 | Session_1777396251127 | S3_CALCULATING
2026-04-29 03:11:03.713 | Session_1777396251127 | S4_MOVE_READY
2026-04-29 03:11:04.492 | Session_1777396251127 | S3_CALCULATING
2026-04-29 03:11:04.498 | Session_1777396251127 | S4_MOVE_READY
2026-04-29 03:11:06.307 | Session_1777396251127 | S3_CALCULATING
2026-04-29 03:11:06.314 | Session_1777396251127 | S4_MOVE_READY
2026-04-29 03:11:19.284 | Session_1777396251127 | S1_UNINITIALIZED
2026-04-29 03:11:19.338 | Session_1777396251127 | S5_TERMINATED
2026-04-29 03:11:19.339 | Session_1777396251127 | S3_CALCULATING
2026-04-29 03:11:19.343 | Session_1777396251127 | S2_IDLE_WAITING
2026-04-29 03:11:21.556 | Session_1777396251127 | S3_CALCULATING
2026-04-29 03:11:21.607 | Session_1777396251127 | S4_MOVE_READY
2026-04-29 03:11:22.893 | Session_1777396251127 | S3_CALCULATING
2026-04-29 03:11:22.902 | Session_1777396251127 | S4_MOVE_READY
2026-04-29 03:11:23.736 | Session_1777396251127 | S3_CALCULATING
2026-04-29 03:11:23.749 | Session_1777396251127 | S4_MOVE_READY
2026-04-29 03:11:26.249 | Session_1777396251127 | S1_UNINITIALIZED
2026-04-29 03:11:26.325 | Session_1777396251127 | S5_TERMINATED
2026-04-29 03:11:26.327 | Session_1777396251127 | S3_CALCULATING
2026-04-29 03:11:26.331 | Session_1777396251127 | S2_IDLE_WAITING
2026-04-29 03:11:27.398 | Session_1777396251127 | S1_UNINITIALIZED
2026-04-29 03:11:27.448 | Session_1777396251127 | S5_TERMINATED
2026-04-29 03:11:27.449 | Session_1777396251127 | S3_CALCULATING
2026-04-29 03:11:27.454 | Session_1777396251127 | S2_IDLE_WAITING
2026-04-29 03:11:30.654 | Session_1777396251127 | S3_CALCULATING
2026-04-29 03:11:30.708 | Session_1777396251127 | S4_MOVE_READY
2026-04-29 03:11:31.216 | Session_1777396251127 | S3_CALCULATING
2026-04-29 03:11:31.226 | Session_1777396251127 | S4_MOVE_READY
2026-04-29 03:11:31.805 | Session_1777396251127 | S3_CALCULATING
2026-04-29 03:11:31.816 | Session_1777396251127 | S4_MOVE_READY
2026-04-29 03:11:33.541 | Session_1777396251127 | S3_CALCULATING
2026-04-29 03:11:33.545 | Session_1777396251127 | S4_MOVE_READY
2026-04-29 03:11:37.437 | Session_1777396251127 | S3_CALCULATING
2026-04-29 03:11:37.444 | Session_1777396251127 | S4_MOVE_READY
2026-04-29 03:11:38.731 | Session_1777396251127 | S3_CALCULATING
2026-04-29 03:11:38.735 | Session_1777396251127 | S4_MOVE_READY
2026-04-29 03:11:43.288 | Session_1777396251127 | S3_CALCULATING
2026-04-29 03:11:43.293 | Session_1777396251127 | S4_MOVE_READY
2026-04-29 03:11:45.172 | Session_1777396251127 | S3_CALCULATING
2026-04-29 03:11:45.174 | Session_1777396251127 | S4_MOVE_READY
2026-04-29 03:11:47.709 | Session_1777396251127 | S3_CALCULATING
2026-04-29 03:11:47.712 | Session_1777396251127 | S4_MOVE_READY
2026-04-29 03:11:50.676 | Session_1777396251127 | S3_CALCULATING
2026-04-29 03:11:50.679 | Session_1777396251127 | S4_MOVE_READY
2026-04-29 03:11:54.388 | Session_1777396251127 | S3_CALCULATING
2026-04-29 03:11:54.392 | Session_1777396251127 | S4_MOVE_READY
2026-04-29 03:11:59.424 | Session_1777396251127 | S3_CALCULATING
2026-04-29 03:11:59.428 | Session_1777396251127 | S4_MOVE_READY
2026-04-29 03:12:03.323 | Session_1777396251127 | S1_UNINITIALIZED
2026-04-29 03:12:03.370 | Session_1777396251127 | S5_TERMINATED
2026-04-29 03:12:03.371 | Session_1777396251127 | S3_CALCULATING
2026-04-29 03:12:03.376 | Session_1777396251127 | S2_IDLE_WAITING
2026-04-29 03:12:05.576 | Session_1777396251127 | S1_UNINITIALIZED
2026-04-29 03:12:05.619 | Session_1777396251127 | S5_TERMINATED
2026-04-29 03:12:05.620 | Session_1777396251127 | S3_CALCULATING
2026-04-29 03:12:05.624 | Session_1777396251127 | S2_IDLE_WAITING
2026-04-29 03:12:06.776 | Session_1777396251127 | S3_CALCULATING
2026-04-29 03:12:06.829 | Session_1777396251127 | S4_MOVE_READY
2026-04-29 03:12:07.441 | Session_1777396251127 | S3_CALCULATING
2026-04-29 03:12:07.450 | Session_1777396251127 | S4_MOVE_READY
2026-04-29 03:12:08.122 | Session_1777396251127 | S3_CALCULATING
2026-04-29 03:12:08.131 | Session_1777396251127 | S4_MOVE_READY
2026-04-29 03:12:08.775 | Session_1777396251127 | S3_CALCULATING
2026-04-29 03:12:08.784 | Session_1777396251127 | S4_MOVE_READY
2026-04-29 03:12:09.360 | Session_1777396251127 | S3_CALCULATING
2026-04-29 03:12:09.371 | Session_1777396251127 | S4_MOVE_READY
2026-04-29 03:12:10.058 | Session_1777396251127 | S3_CALCULATING
2026-04-29 03:12:10.068 | Session_1777396251127 | S4_MOVE_READY
2026-04-29 03:12:12.153 | Session_1777396251127 | S3_CALCULATING
2026-04-29 03:12:12.158 | Session_1777396251127 | S4_MOVE_READY
2026-04-29 03:12:16.052 | Session_1777396251127 | S3_CALCULATING
2026-04-29 03:12:16.057 | Session_1777396251127 | S4_MOVE_READY
2026-04-29 03:12:16.766 | Session_1777396251127 | S3_CALCULATING
2026-04-29 03:12:16.771 | Session_1777396251127 | S4_MOVE_READY
2026-04-29 03:12:27.050 | Session_1777396251127 | S3_CALCULATING
2026-04-29 03:12:27.054 | Session_1777396251127 | S4_MOVE_READY
2026-04-29 03:12:29.402 | Session_1777396251127 | S3_CALCULATING
2026-04-29 03:12:29.406 | Session_1777396251127 | S4_MOVE_READY
2026-05-03 12:43:08.489 | Session_1777776181400 | S1_UNINITIALIZED
2026-05-03 12:43:08.597 | Session_1777776181400 | S3_CALCULATING
2026-05-03 12:43:08.604 | Session_1777776181400 | S2_IDLE_WAITING
2026-05-03 12:43:10.415 | Session_1777776181400 | S3_CALCULATING
2026-05-03 12:43:10.475 | Session_1777776181400 | S4_MOVE_READY
2026-05-03 12:43:12.944 | Session_1777776181400 | S3_CALCULATING
2026-05-03 12:43:12.953 | Session_1777776181400 | S4_MOVE_READY
2026-05-03 12:43:13.753 | Session_1777776181400 | S3_CALCULATING
2026-05-03 12:43:13.760 | Session_1777776181400 | S4_MOVE_READY
2026-05-03 12:43:16.209 | Session_1777776181400 | S1_UNINITIALIZED
2026-05-03 12:43:16.278 | Session_1777776181400 | S5_TERMINATED
2026-05-03 12:43:16.280 | Session_1777776181400 | S3_CALCULATING
2026-05-03 12:43:16.284 | Session_1777776181400 | S2_IDLE_WAITING
2026-05-03 12:43:17.524 | Session_1777776181400 | S1_UNINITIALIZED
2026-05-03 12:43:17.579 | Session_1777776181400 | S5_TERMINATED
2026-05-03 12:43:17.580 | Session_1777776181400 | S3_CALCULATING
2026-05-03 12:43:17.585 | Session_1777776181400 | S2_IDLE_WAITING
2026-05-03 12:43:19.282 | Session_1777776181400 | S1_UNINITIALIZED
2026-05-03 12:43:19.332 | Session_1777776181400 | S5_TERMINATED
2026-05-03 12:43:19.333 | Session_1777776181400 | S3_CALCULATING
2026-05-03 12:43:19.337 | Session_1777776181400 | S2_IDLE_WAITING
2026-05-03 12:43:22.700 | Session_1777776181400 | S1_UNINITIALIZED
2026-05-03 12:43:22.749 | Session_1777776181400 | S5_TERMINATED
2026-05-03 12:43:22.750 | Session_1777776181400 | S3_CALCULATING
2026-05-03 12:43:22.754 | Session_1777776181400 | S2_IDLE_WAITING
2026-05-03 12:43:23.526 | Session_1777776181400 | S3_CALCULATING
2026-05-03 12:43:23.580 | Session_1777776181400 | S4_MOVE_READY
2026-05-03 12:43:24.238 | Session_1777776181400 | S3_CALCULATING
2026-05-03 12:43:24.249 | Session_1777776181400 | S4_MOVE_READY
2026-05-03 12:43:24.926 | Session_1777776181400 | S3_CALCULATING
2026-05-03 12:43:24.934 | Session_1777776181400 | S4_MOVE_READY
2026-05-03 12:43:25.436 | Session_1777776181400 | S3_CALCULATING
2026-05-03 12:43:25.444 | Session_1777776181400 | S4_MOVE_READY
2026-05-03 12:43:25.944 | Session_1777776181400 | S3_CALCULATING
2026-05-03 12:43:25.953 | Session_1777776181400 | S4_MOVE_READY
2026-05-03 12:43:26.446 | Session_1777776181400 | S3_CALCULATING
2026-05-03 12:43:26.452 | Session_1777776181400 | S4_MOVE_READY
2026-05-03 12:43:29.045 | Session_1777776181400 | S3_CALCULATING
2026-05-03 12:43:29.050 | Session_1777776181400 | S4_MOVE_READY
2026-05-03 12:43:40.504 | Session_1777776181400 | S3_CALCULATING
2026-05-03 12:43:40.509 | Session_1777776181400 | S4_MOVE_READY
2026-05-03 12:43:42.145 | Session_1777776181400 | S3_CALCULATING
2026-05-03 12:43:42.152 | Session_1777776181400 | S4_MOVE_READY
2026-05-03 12:43:43.898 | Session_1777776181400 | S3_CALCULATING
2026-05-03 12:43:43.902 | Session_1777776181400 | S4_MOVE_READY
2026-05-03 12:43:49.612 | Session_1777776181400 | S3_CALCULATING
2026-05-03 12:43:49.619 | Session_1777776181400 | S4_MOVE_READY
2026-05-03 12:43:52.895 | Session_1777776181400 | S3_CALCULATING
2026-05-03 12:43:52.899 | Session_1777776181400 | S4_MOVE_READY
2026-05-03 12:43:58.149 | Session_1777776181400 | S3_CALCULATING
2026-05-03 12:43:58.156 | Session_1777776181400 | S4_MOVE_READY
2026-05-03 12:43:59.500 | Session_1777776181400 | S3_CALCULATING
2026-05-03 12:43:59.505 | Session_1777776181400 | S4_MOVE_READY
2026-05-03 12:44:03.012 | Session_1777776181400 | S3_CALCULATING
2026-05-03 12:44:03.017 | Session_1777776181400 | S4_MOVE_READY
2026-05-03 12:44:07.858 | Session_1777776181400 | S3_CALCULATING
2026-05-03 12:44:07.863 | Session_1777776181400 | S4_MOVE_READY
2026-05-03 12:44:13.965 | Session_1777776181400 | S3_CALCULATING
2026-05-03 12:44:13.969 | Session_1777776181400 | S4_MOVE_READY
2026-05-03 12:44:15.932 | Session_1777776181400 | S3_CALCULATING
2026-05-03 12:44:15.935 | Session_1777776181400 | S4_MOVE_READY
2026-05-03 12:44:17.734 | Session_1777776181400 | S3_CALCULATING
2026-05-03 12:44:17.738 | Session_1777776181400 | S4_MOVE_READY
2026-05-03 12:44:22.148 | Session_1777776181400 | S3_CALCULATING
2026-05-03 12:44:22.152 | Session_1777776181400 | S4_MOVE_READY
2026-05-03 12:44:23.684 | Session_1777776181400 | S3_CALCULATING
2026-05-03 12:44:23.688 | Session_1777776181400 | S4_MOVE_READY
2026-05-03 12:44:24.662 | Session_1777776181400 | S3_CALCULATING
2026-05-03 12:44:24.666 | Session_1777776181400 | S4_MOVE_READY
2026-05-03 12:44:31.749 | Session_1777776181400 | S3_CALCULATING
2026-05-03 12:44:31.752 | Session_1777776181400 | S4_MOVE_READY
2026-05-03 12:44:40.580 | Session_1777776181400 | S3_CALCULATING
2026-05-03 12:44:40.585 | Session_1777776181400 | S4_MOVE_READY
2026-05-03 12:44:42.114 | Session_1777776181400 | S3_CALCULATING
2026-05-03 12:44:42.117 | Session_1777776181400 | S4_MOVE_READY
2026-05-03 12:44:42.890 | Session_1777776181400 | S3_CALCULATING
2026-05-03 12:44:42.894 | Session_1777776181400 | S4_MOVE_READY
2026-05-03 12:44:51.955 | Session_1777776181400 | S3_CALCULATING
